﻿
> dashkit-react-kitp@0.0.0 build
> vite build

[36mvite v3.2.4 [32mbuilding for production...[36m[39m
transforming...
node.exe : Module level directives cause errors when bundled, 'use client' was ignored.
At C:\laragon\bin\nodejs\npm.ps1:29 char:3
+   & $NODE_EXE $NPM_CLI_JS $args
+   ~~~~~~~~~~~~~~~~~~~~~~~~~~~~~
    + CategoryInfo          : NotSpecified: (Module level di...t' was ignored.:String) [], RemoteException
    + FullyQualifiedErrorId : NativeCommandError
 
Module level directives cause errors when bundled, 'use client' was ignored.
Module level directives cause errors when bundled, 'use client' was ignored.
Module level directives cause errors when bundled, 'use client' was ignored.
Module level directives cause errors when bundled, 'use client' was ignored.
Module level directives cause errors when bundled, 'use client' was ignored.
Module level directives cause errors when bundled, 'use client' was ignored.
Module level directives cause errors when bundled, 'use client' was ignored.
Module level directives cause errors when bundled, 'use client' was ignored.
Module level directives cause errors when bundled, 'use client' was ignored.
Module level directives cause errors when bundled, 'use client' was ignored.
Module level directives cause errors when bundled, 'use client' was ignored.
Module level directives cause errors when bundled, 'use client' was ignored.
Module level directives cause errors when bundled, 'use client' was ignored.
Module level directives cause errors when bundled, 'use client' was ignored.
[32mΓ£ô[39m 2839 modules transformed.
[31m'default' is not exported by src/components/partials/footer/index.jsx, imported by src/layout/Layout.jsx[39m
file: [36mC:/laragon/www/absen-karyawan/absensi-frontend/src/layout/Layout.jsx:10:7[39m
[33m 8: import useMenulayout from "@/hooks/useMenulayout";
 9: import useMenuHidden from "@/hooks/useMenuHidden";
10: import Footer from "@/components/partials/footer";
           ^
11: import MobileMenu from "../components/partials/sidebar/MobileMenu";
12: import BottomNav from "@/components/partials/sidebar/BottomNav";[39m
[31merror during build:
Error: 'default' is not exported by src/components/partials/footer/index.jsx, imported by src/layout/Layout.jsx
    at error 
(file:///C:/laragon/www/absen-karyawan/absensi-frontend/node_modules/rollup/dist/es/shared/rollup.js:1858:30)
    at Module.error 
(file:///C:/laragon/www/absen-karyawan/absensi-frontend/node_modules/rollup/dist/es/shared/rollup.js:12429:16)
    at Module.traceVariable 
(file:///C:/laragon/www/absen-karyawan/absensi-frontend/node_modules/rollup/dist/es/shared/rollup.js:12788:29)
    at ModuleScope.findVariable 
(file:///C:/laragon/www/absen-karyawan/absensi-frontend/node_modules/rollup/dist/es/shared/rollup.js:11440:39)
    at ReturnValueScope.findVariable 
(file:///C:/laragon/www/absen-karyawan/absensi-frontend/node_modules/rollup/dist/es/shared/rollup.js:6372:38)
    at ChildScope.findVariable 
(file:///C:/laragon/www/absen-karyawan/absensi-frontend/node_modules/rollup/dist/es/shared/rollup.js:6372:38)
    at Identifier.bind 
(file:///C:/laragon/www/absen-karyawan/absensi-frontend/node_modules/rollup/dist/es/shared/rollup.js:7439:40)
    at CallExpression.bind 
(file:///C:/laragon/www/absen-karyawan/absensi-frontend/node_modules/rollup/dist/es/shared/rollup.js:5265:73)
    at CallExpression.bind 
(file:///C:/laragon/www/absen-karyawan/absensi-frontend/node_modules/rollup/dist/es/shared/rollup.js:8935:15)
    at ArrayExpression.bind 
(file:///C:/laragon/www/absen-karyawan/absensi-frontend/node_modules/rollup/dist/es/shared/rollup.js:5265:73)
    at Property.bind 
(file:///C:/laragon/www/absen-karyawan/absensi-frontend/node_modules/rollup/dist/es/shared/rollup.js:5269:23)
    at ObjectExpression.bind 
(file:///C:/laragon/www/absen-karyawan/absensi-frontend/node_modules/rollup/dist/es/shared/rollup.js:5265:73)
    at CallExpression.bind 
(file:///C:/laragon/www/absen-karyawan/absensi-frontend/node_modules/rollup/dist/es/shared/rollup.js:5265:73)
    at CallExpression.bind 
(file:///C:/laragon/www/absen-karyawan/absensi-frontend/node_modules/rollup/dist/es/shared/rollup.js:8935:15)
    at ReturnStatement.bind 
(file:///C:/laragon/www/absen-karyawan/absensi-frontend/node_modules/rollup/dist/es/shared/rollup.js:5269:23)
    at BlockStatement.bind 
(file:///C:/laragon/www/absen-karyawan/absensi-frontend/node_modules/rollup/dist/es/shared/rollup.js:5265:73)
    at ArrowFunctionExpression.bind 
(file:///C:/laragon/www/absen-karyawan/absensi-frontend/node_modules/rollup/dist/es/shared/rollup.js:5269:23)
    at VariableDeclarator.bind 
(file:///C:/laragon/www/absen-karyawan/absensi-frontend/node_modules/rollup/dist/es/shared/rollup.js:5269:23)
    at VariableDeclaration.bind 
(file:///C:/laragon/www/absen-karyawan/absensi-frontend/node_modules/rollup/dist/es/shared/rollup.js:5265:73)
    at Program.bind 
(file:///C:/laragon/www/absen-karyawan/absensi-frontend/node_modules/rollup/dist/es/shared/rollup.js:5265:73)
    at Module.bindReferences 
(file:///C:/laragon/www/absen-karyawan/absensi-frontend/node_modules/rollup/dist/es/shared/rollup.js:12425:18)
    at Graph.sortModules 
(file:///C:/laragon/www/absen-karyawan/absensi-frontend/node_modules/rollup/dist/es/shared/rollup.js:23062:20)
    at Graph.build 
(file:///C:/laragon/www/absen-karyawan/absensi-frontend/node_modules/rollup/dist/es/shared/rollup.js:22940:14)
    at async 
file:///C:/laragon/www/absen-karyawan/absensi-frontend/node_modules/rollup/dist/es/shared/rollup.js:23730:13
    at async catchUnfinishedHookActions 
(file:///C:/laragon/www/absen-karyawan/absensi-frontend/node_modules/rollup/dist/es/shared/rollup.js:23126:20)
    at async rollupInternal 
(file:///C:/laragon/www/absen-karyawan/absensi-frontend/node_modules/rollup/dist/es/shared/rollup.js:23727:5)
    at async doBuild 
(file:///C:/laragon/www/absen-karyawan/absensi-frontend/node_modules/vite/dist/node/chunks/dep-67e7f8ab.js:45399:24)
    at async build 
(file:///C:/laragon/www/absen-karyawan/absensi-frontend/node_modules/vite/dist/node/chunks/dep-67e7f8ab.js:45237:16)
    at async CAC.<anonymous> 
(file:///C:/laragon/www/absen-karyawan/absensi-frontend/node_modules/vite/dist/node/cli.js:756:9)[39m
